
> hellorun@1.0.0 test
> node --test --test-concurrency=1 tests/*.test.js

Γ£ö admin dashboard renders platform stats and pending application queue (6910.1968ms)
Γ£ö non-admin cannot access blog review queue (4510.9354ms)
Γ£ö admin can view blog review queue with pending post (1066.5432ms)
Γ£ö admin can view individual post review page (1119.2194ms)
Γ£ö admin can approve a pending blog post (1320.4407ms)
Γ£ö approving a non-pending post returns 409 (1054.5422ms)
Γ£ö admin reject without reason returns 400 and does not change DB (1170.0637ms)
Γ£ö admin can reject a pending blog post with a valid reason (776.4822ms)
Γ£ö admin can archive a published blog post (717.9395ms)
Γ£ö archiving a non-published post returns 409 (785.3711ms)
Γ£ö unauthenticated certificate download redirects to login (3030.0811ms)
Γ£ö runner can download own approved submission certificate (3398.5601ms)
Γ£ö runner cannot download certificate for pending or other-runner submission (4918.8232ms)
Γ£ö auth/google redirects to Google consent URL (2720.2702ms)
Γ£ö auth/google signup intent requires policy consent marker (13.315ms)
Γ£ö auth/google signup intent with consent redirects to Google consent URL (5.9302ms)
Γ£ö auth/google/callback rejects invalid state (626.2229ms)
Γ£ö auth/google/callback handles canceled consent (4.6035ms)
Γ£ö leaderboard returns approved submissions sorted by fastest elapsed time (2835.4931ms)
Γ£ö leaderboard filters by event, distance, mode, and period (1793.3493ms)
Γ£ö notification service creates, lists, and updates read state (1914.1931ms)
Γ£ö non-admin (runner) cannot list applications (4440.3186ms)
Γ£ö unauthenticated request to list applications redirects to login (3.3566ms)
Γ£ö admin can list applications and see pending entry (1051.4197ms)
Γ£ö admin can view application detail page (1193.9267ms)
Γ£ö admin can approve a pending application (1900.8994ms)
Γ£ö admin reject without reason returns 400 and does not change DB (1107.0208ms)
Γ£ö admin reject with too-short reason returns 400 and does not change DB (978.8007ms)
Γ£ö admin can reject application with a valid reason (1378.6082ms)
Γ£ö organizer dashboard renders range analytics and queue links (5498.8798ms)
Γ£ö create-event sanitizes waiver html before saving (5400.3019ms)
Γ£ö create-event rejects waiver rich html with insufficient plain text (1057.8ms)
Γ£ö unauthenticated payment-proof upload redirects to login (3148.6356ms)
Γ£ö runner cannot upload payment proof for another runner registration (2670.0564ms)
Γ£ö organizer cannot approve payment proof when registration is not proof_submitted (1793.2456ms)
Γ£ö non-owner organizer cannot review payment proof for another organizer event (1179.1627ms)
Γ£ö payment approve creates runner in-app notification (3259.8606ms)
Γ£ö payment reject creates runner in-app notification (2905.7532ms)
Γ£ö runner can submit proof when unpaid and active (1.652ms)
Γ£ö runner can resubmit proof when previously rejected and active (0.1736ms)
Γ£ö runner cannot submit proof when payment already submitted (0.1635ms)
Γ£ö runner cannot submit proof when registration is cancelled or refunded (0.1274ms)
Γ£ö organizer can review only when proof is submitted and proof URL exists (0.2027ms)
Γ£ö organizer cannot review when proof url is missing (0.1195ms)
Γ£ö organizer cannot review when payment status is not reviewable (0.1779ms)
Γ£ö reviewable statuses set remains strict (1.4007ms)
Γ£ö signup records accepted privacy policy version and organizer status (6515.4801ms)
Γ£ö signup requires terms/privacy/cookie checkbox consent (870.7221ms)
Γ£ö events page applies combined filters and status filter (5420.4178ms)
Γ£ö events pagination keeps active filters in page links (162.1925ms)
Γ£ö blog page applies search and category filters (224.4773ms)
Γ£ö leaderboard shows filter summary and clear action when filtered (266.0431ms)
Γ£ö result submission rate limiter blocks after max requests (6963.9393ms)
Γ£ö runner dashboard unlink modal traps focus and restores trigger focus (4.7133ms)
Γ£ö buildRunnerDashboardData groups upcoming/past and computes stats (2123.4547ms)
Γ£ö runner profile update validates and persists normalized data (4523.5107ms)
Γ£ö runner can unlink Google auth when local password exists (2106.8319ms)
Γ£ö runner cannot unlink Google auth when no local password exists (2158.0677ms)
Γ£ö google-only runner can set local password from authenticated security page (3143.3184ms)
Γ£ö runner change password requires valid current password (2172.535ms)
Γ£ö runner notifications page renders and mark-read endpoints work (6192.2092ms)
Γ£ö notification mark-read returnTo is sanitized against open redirect (1196.6008ms)
Γ£ö non-runner authenticated user cannot access runner notifications page (478.1405ms)
Γ£ö running-group strict smoke script (8481.5558ms)
Γ£ö createRunningGroup creates group and auto-joins creator (1755.5365ms)
Γ£ö createRunningGroup blocks duplicate names case-insensitively (717.8544ms)
Γ£ö joinRunningGroup changes membership and updates member counts (2526.3532ms)
Γ£ö leaveRunningGroup clears runner group and updates member count (1614.142ms)
Γ£ö search/top/current running group queries return expected data (2112.7419ms)
Γ£ö security headers are set on public response (2915.328ms)
Γ£ö session cookie uses hardened attributes on login (868.458ms)
Γ£ö public static pages render successfully (4918.4944ms)
Γ£ö unauthenticated result-approve redirects to login (2140.7521ms)
Γ£ö non-owner organizer cannot approve another organizer submission (2630.8978ms)
Γ£ö organizer cannot approve already-approved submission (2557.5546ms)
Γ£ö admin can approve organizer submission through shared review route (5357.1207ms)
Γ£ö unauthenticated submit-result redirects to login (1612.2711ms)
Γ£ö authenticated submit-result requires proof file (2496.9169ms)
Γ£ö authenticated submit-result rejects invalid elapsedTime format (2141.5006ms)
Γ£ö authenticated submit-result rejects out-of-range distance (2036.0722ms)
Γ£ö authenticated submit-result rejects future runDate (1846.6291ms)
Γ£ö authenticated submit-result rejects PDF proof uploads (2019.1725ms)
Γ£ö createSubmission stores initial submission for paid registration (2231.9202ms)
Γ£ö createSubmission blocks unpaid registrations (823.6366ms)
Γ£ö createSubmission blocks events outside submission window (924.9578ms)
Email service error: Error: Failed to send result rejected email
    at exports.sendResultRejectedEmailToRunner (C:\Users\Kayla Ryhs\Desktop\PersonalProjects\helloRun\src\services\email.service.js:1436:13)
    at process.processTicksAndRejections (node:internal/process/task_queues:103:5)
    at async sendRunnerReviewNotifications (C:\Users\Kayla Ryhs\Desktop\PersonalProjects\helloRun\src\services\submission.service.js:691:9)
    at async reviewSubmission (C:\Users\Kayla Ryhs\Desktop\PersonalProjects\helloRun\src\services\submission.service.js:155:3)
    at async TestContext.<anonymous> (C:\Users\Kayla Ryhs\Desktop\PersonalProjects\helloRun\tests\submission.service.test.js:108:3)
    at async Test.run (node:internal/test_runner/test:1113:7)
    at async Test.processPendingSubtests (node:internal/test_runner/test:788:7)
Result rejected email failed: {
  error: 'Failed to send result rejected email',
  submissionId: '69b9fac279eca05caab292ee'
}
Γ£ö resubmitSubmission only allows rejected submissions and increments count (2021.9652ms)
Email service error: Error: Failed to send result approved email
    at exports.sendResultApprovedEmailToRunner (C:\Users\Kayla Ryhs\Desktop\PersonalProjects\helloRun\src\services\email.service.js:1393:13)
    at process.processTicksAndRejections (node:internal/process/task_queues:103:5)
    at async sendRunnerReviewNotifications (C:\Users\Kayla Ryhs\Desktop\PersonalProjects\helloRun\src\services\submission.service.js:624:9)
    at async reviewSubmission (C:\Users\Kayla Ryhs\Desktop\PersonalProjects\helloRun\src\services\submission.service.js:155:3)
    at async TestContext.<anonymous> (C:\Users\Kayla Ryhs\Desktop\PersonalProjects\helloRun\tests\submission.service.test.js:162:20)
    at async Test.run (node:internal/test_runner/test:1113:7)
    at async Test.processPendingSubtests (node:internal/test_runner/test:788:7)
Result approved email failed: {
  error: 'Failed to send result approved email',
  submissionId: '69b9fac479eca05caab2930b'
}
Email service error: Error: Failed to send certificate issued email
    at exports.sendCertificateIssuedEmailToRunner (C:\Users\Kayla Ryhs\Desktop\PersonalProjects\helloRun\src\services\email.service.js:1475:13)
    at process.processTicksAndRejections (node:internal/process/task_queues:103:5)
    at async sendRunnerReviewNotifications (C:\Users\Kayla Ryhs\Desktop\PersonalProjects\helloRun\src\services\submission.service.js:656:11)
    at async reviewSubmission (C:\Users\Kayla Ryhs\Desktop\PersonalProjects\helloRun\src\services\submission.service.js:155:3)
    at async TestContext.<anonymous> (C:\Users\Kayla Ryhs\Desktop\PersonalProjects\helloRun\tests\submission.service.test.js:162:20)
    at async Test.run (node:internal/test_runner/test:1113:7)
    at async Test.processPendingSubtests (node:internal/test_runner/test:788:7)
Certificate issued email failed: {
  error: 'Failed to send certificate issued email',
  submissionId: '69b9fac479eca05caab2930b'
}
Γ£ö reviewSubmission enforces organizer ownership and action guards (3185.803ms)
Γ£ö reviewSubmission triggers runner emails for approve/reject and certificate availability (2787.3309ms)
Γ£ö getRunnerSubmissions and getEventSubmissionQueue return populated records (1216.0936ms)
Email service error: Error: Failed to send result approved email
    at exports.sendResultApprovedEmailToRunner (C:\Users\Kayla Ryhs\Desktop\PersonalProjects\helloRun\src\services\email.service.js:1393:13)
    at process.processTicksAndRejections (node:internal/process/task_queues:103:5)
    at async sendRunnerReviewNotifications (C:\Users\Kayla Ryhs\Desktop\PersonalProjects\helloRun\src\services\submission.service.js:624:9)
    at async reviewSubmission (C:\Users\Kayla Ryhs\Desktop\PersonalProjects\helloRun\src\services\submission.service.js:155:3)
    at async TestContext.<anonymous> (C:\Users\Kayla Ryhs\Desktop\PersonalProjects\helloRun\tests\submission.service.test.js:284:3)
    at async Test.run (node:internal/test_runner/test:1113:7)
    at async Test.processPendingSubtests (node:internal/test_runner/test:788:7)
Result approved email failed: {
  error: 'Failed to send result approved email',
  submissionId: '69b9facb79eca05caab29375'
}
Email service error: Error: Failed to send certificate issued email
    at exports.sendCertificateIssuedEmailToRunner (C:\Users\Kayla Ryhs\Desktop\PersonalProjects\helloRun\src\services\email.service.js:1475:13)
    at process.processTicksAndRejections (node:internal/process/task_queues:103:5)
    at async sendRunnerReviewNotifications (C:\Users\Kayla Ryhs\Desktop\PersonalProjects\helloRun\src\services\submission.service.js:656:11)
    at async reviewSubmission (C:\Users\Kayla Ryhs\Desktop\PersonalProjects\helloRun\src\services\submission.service.js:155:3)
    at async TestContext.<anonymous> (C:\Users\Kayla Ryhs\Desktop\PersonalProjects\helloRun\tests\submission.service.test.js:284:3)
    at async Test.run (node:internal/test_runner/test:1113:7)
    at async Test.processPendingSubtests (node:internal/test_runner/test:788:7)
Certificate issued email failed: {
  error: 'Failed to send certificate issued email',
  submissionId: '69b9facb79eca05caab29375'
}
Γ£ö getRunnerSubmissionSummary returns counts and recent certificates (3565.4899ms)
Email service error: Error: Failed to send result approved email
    at exports.sendResultApprovedEmailToRunner (C:\Users\Kayla Ryhs\Desktop\PersonalProjects\helloRun\src\services\email.service.js:1393:13)
    at process.processTicksAndRejections (node:internal/process/task_queues:103:5)
    at async sendRunnerReviewNotifications (C:\Users\Kayla Ryhs\Desktop\PersonalProjects\helloRun\src\services\submission.service.js:624:9)
    at async reviewSubmission (C:\Users\Kayla Ryhs\Desktop\PersonalProjects\helloRun\src\services\submission.service.js:155:3)
    at async TestContext.<anonymous> (C:\Users\Kayla Ryhs\Desktop\PersonalProjects\helloRun\tests\submission.service.test.js:312:3)
    at async Test.run (node:internal/test_runner/test:1113:7)
    at async Test.processPendingSubtests (node:internal/test_runner/test:788:7)
Result approved email failed: {
  error: 'Failed to send result approved email',
  submissionId: '69b9face79eca05caab2939a'
}
Email service error: Error: Failed to send certificate issued email
    at exports.sendCertificateIssuedEmailToRunner (C:\Users\Kayla Ryhs\Desktop\PersonalProjects\helloRun\src\services\email.service.js:1475:13)
    at process.processTicksAndRejections (node:internal/process/task_queues:103:5)
    at async sendRunnerReviewNotifications (C:\Users\Kayla Ryhs\Desktop\PersonalProjects\helloRun\src\services\submission.service.js:656:11)
    at async reviewSubmission (C:\Users\Kayla Ryhs\Desktop\PersonalProjects\helloRun\src\services\submission.service.js:155:3)
    at async TestContext.<anonymous> (C:\Users\Kayla Ryhs\Desktop\PersonalProjects\helloRun\tests\submission.service.test.js:312:3)
    at async Test.run (node:internal/test_runner/test:1113:7)
    at async Test.processPendingSubtests (node:internal/test_runner/test:788:7)
Certificate issued email failed: {
  error: 'Failed to send certificate issued email',
  submissionId: '69b9face79eca05caab2939a'
}
Γ£ö getRunnerPerformanceSnapshot returns metrics, personal best, and timeline activity (3240.4753ms)
Email service error: Error: Failed to send result rejected email
    at exports.sendResultRejectedEmailToRunner (C:\Users\Kayla Ryhs\Desktop\PersonalProjects\helloRun\src\services\email.service.js:1436:13)
    at process.processTicksAndRejections (node:internal/process/task_queues:103:5)
    at async sendRunnerReviewNotifications (C:\Users\Kayla Ryhs\Desktop\PersonalProjects\helloRun\src\services\submission.service.js:691:9)
    at async reviewSubmission (C:\Users\Kayla Ryhs\Desktop\PersonalProjects\helloRun\src\services\submission.service.js:155:3)
    at async TestContext.<anonymous> (C:\Users\Kayla Ryhs\Desktop\PersonalProjects\helloRun\tests\submission.service.test.js:364:3)
    at async Test.run (node:internal/test_runner/test:1113:7)
    at async Test.processPendingSubtests (node:internal/test_runner/test:788:7)
Result rejected email failed: {
  error: 'Failed to send result rejected email',
  submissionId: '69b9fad279eca05caab293d1'
}
Γ£ö getRunnerEligibleSubmissionRegistrations returns only paid confirmed active entries (2573.1396ms)
Γ£ö unauthenticated payment-proof upload redirects to login (2546.8793ms)
Γ£ö payment proof GIF is rejected with invalid file type error (1779.1902ms)
Γ£ö payment proof missing file is rejected (614.4306ms)
Γ£ö organizer docs GIF is rejected with 400 invalid file type (562.3095ms)
Γ£ö blog cover GIF is rejected with 400 invalid file type (API route) (600.6629ms)
Γ£ö result proof GIF is rejected with invalid file type error (752.4969ms)
Γä╣ tests 98
Γä╣ suites 0
Γä╣ pass 98
Γä╣ fail 0
Γä╣ cancelled 0
Γä╣ skipped 0
Γä╣ todo 0
Γä╣ duration_ms 227707.7468
